// Jest Snapshot v1, https://goo.gl/fbAQLP

exports[`renders <App /> should pass shallow snapshot test 1`] = `ShallowWrapper {}`;

exports[`renders <FirstSearchComponent /> renders LoginPage 1`] = `ShallowWrapper {}`;

exports[`renders <FirstSearchComponent /> renders SecondSearchComponent 1`] = `ShallowWrapper {}`;

exports[`renders <FirstSearchComponent /> should pass shallow snapshot test 1`] = `ShallowWrapper {}`;
